apps/nestjs-backend/src/features/access-token/access-token.service.ts:90
apps/nestjs-backend/src/features/agent/agent-execution.service.ts:1064
apps/nestjs-backend/src/features/agent/agent-memory.service.ts:66
apps/nestjs-backend/src/features/agent/agent-memory.service.ts:79
apps/nestjs-backend/src/features/agent/agent-oauth.service.ts:85
apps/nestjs-backend/src/features/agent/agent-scheduler.service.ts:46
apps/nestjs-backend/src/features/agent/agent-tool-registry.service.ts:391
apps/nestjs-backend/src/features/agent/agent-trigger.service.ts:29
apps/nestjs-backend/src/features/agent/agent.controller.ts:148
apps/nestjs-backend/src/features/agent/agent.service.ts:37
apps/nestjs-backend/src/features/agent/mcp/mcp-client-aggregator.service.ts:168
apps/nestjs-backend/src/features/agent/mcp/plugin-mcp-discovery.service.ts:83
apps/nestjs-backend/src/features/ai/prompt.controller.ts:29
apps/nestjs-backend/src/features/ai/repositories/prisma-prompt.repository.ts:16
apps/nestjs-backend/src/features/ai/workspace-state.service.ts:25
apps/nestjs-backend/src/features/app-builder/app-builder.controller.ts:15
apps/nestjs-backend/src/features/app-builder/app-builder.service.ts:37
apps/nestjs-backend/src/features/attachments/attachments-storage.service.ts:53
apps/nestjs-backend/src/features/attachments/attachments-table.service.ts:22
apps/nestjs-backend/src/features/auth/local-auth/local-auth.service.ts:637
apps/nestjs-backend/src/features/auth/local-auth/local-auth.service.ts:643
apps/nestjs-backend/src/features/auth/permission.service.ts:917
apps/nestjs-backend/src/features/authority-matrix/authority-matrix.service.ts:86
apps/nestjs-backend/src/features/base-node/base-node.service.ts:1119
apps/nestjs-backend/src/features/base-node/base-node.service.ts:1179
apps/nestjs-backend/src/features/base-node/base-node.service.ts:326
apps/nestjs-backend/src/features/base-node/base-node.service.ts:403
apps/nestjs-backend/src/features/base-node/base-node.service.ts:804
apps/nestjs-backend/src/features/base-node/folder/base-node-folder.service.ts:75
apps/nestjs-backend/src/features/base-share/base-share-open.controller.ts:199
apps/nestjs-backend/src/features/base-share/base-share-open.controller.ts:91
apps/nestjs-backend/src/features/base-share/base-share.service.ts:121
apps/nestjs-backend/src/features/base-sql-executor/base-sql-executor.service.ts:304
apps/nestjs-backend/src/features/base/base-duplicate.service.ts:238
apps/nestjs-backend/src/features/base/base-duplicate.service.ts:246
apps/nestjs-backend/src/features/base/base-duplicate.service.ts:322
apps/nestjs-backend/src/features/base/base-export.service.ts:1303
apps/nestjs-backend/src/features/base/base-export.service.ts:1312
apps/nestjs-backend/src/features/base/base-export.service.ts:1325
apps/nestjs-backend/src/features/base/base-export.service.ts:1355
apps/nestjs-backend/src/features/base/base-export.service.ts:1365
apps/nestjs-backend/src/features/base/base-export.service.ts:1382
apps/nestjs-backend/src/features/base/base-export.service.ts:1445
apps/nestjs-backend/src/features/base/base-export.service.ts:290
apps/nestjs-backend/src/features/base/base-export.service.ts:300
apps/nestjs-backend/src/features/base/base-export.service.ts:308
apps/nestjs-backend/src/features/base/base-export.service.ts:482
apps/nestjs-backend/src/features/base/base-export.service.ts:494
apps/nestjs-backend/src/features/base/base-export.service.ts:639
apps/nestjs-backend/src/features/base/base-export.service.ts:650
apps/nestjs-backend/src/features/base/base-import-processor/base-import-junction.processor.ts:94
apps/nestjs-backend/src/features/base/base-import.service.ts:2275
apps/nestjs-backend/src/features/base/base.service.ts:301
apps/nestjs-backend/src/features/base/base.service.ts:563
apps/nestjs-backend/src/features/base/base.service.ts:583
apps/nestjs-backend/src/features/calculation/batch.service.ts:342
apps/nestjs-backend/src/features/calculation/batch.service.ts:347
apps/nestjs-backend/src/features/calculation/batch.service.ts:372
apps/nestjs-backend/src/features/calculation/batch.service.ts:377
apps/nestjs-backend/src/features/calculation/link.service.ts:1043
apps/nestjs-backend/src/features/calculation/link.service.ts:156
apps/nestjs-backend/src/features/calculation/link.service.ts:168
apps/nestjs-backend/src/features/calculation/link.service.ts:1997
apps/nestjs-backend/src/features/collaborator/collaborator.service.ts:308
apps/nestjs-backend/src/features/collaborator/collaborator.service.ts:514
apps/nestjs-backend/src/features/collaborator/collaborator.service.ts:964
apps/nestjs-backend/src/features/comment/comment-open-api.service.ts:669
apps/nestjs-backend/src/features/comment/comment-open-api.service.ts:75
apps/nestjs-backend/src/features/dashboard/dashboard.service.ts:42
apps/nestjs-backend/src/features/dashboard/dashboard.service.ts:490
apps/nestjs-backend/src/features/dashboard/dashboard.service.ts:514
apps/nestjs-backend/src/features/dashboard/dashboard.service.ts:562
apps/nestjs-backend/src/features/dashboard/dashboard.service.ts:77
apps/nestjs-backend/src/features/data-loader/data-loader-cache.interceptor.ts:16
apps/nestjs-backend/src/features/data-loader/resource/field-loader.service.ts:27
apps/nestjs-backend/src/features/data-loader/resource/table-loader.service.ts:23
apps/nestjs-backend/src/features/data-loader/resource/view-loader.service.ts:23
apps/nestjs-backend/src/features/doc-search/doc-folder.service.ts:21
apps/nestjs-backend/src/features/doc-search/doc-search.controller.ts:156
apps/nestjs-backend/src/features/doc-search/graph.service.ts:10
apps/nestjs-backend/src/features/doc-search/graph.service.ts:14
apps/nestjs-backend/src/features/doc-search/graph.service.ts:24
apps/nestjs-backend/src/features/doc-search/graph.service.ts:35
apps/nestjs-backend/src/features/external-connection/external-connection.service.ts:100
apps/nestjs-backend/src/features/field/field-calculate/field-converting-link.service.ts:615
apps/nestjs-backend/src/features/field/field-calculate/field-converting.service.ts:506
apps/nestjs-backend/src/features/field/field-calculate/field-converting.service.ts:515
apps/nestjs-backend/src/features/field/field-calculate/field-supplement.service.ts:1928
apps/nestjs-backend/src/features/field/field-calculate/field-supplement.service.ts:1942
apps/nestjs-backend/src/features/field/field-calculate/field-supplement.service.ts:2088
apps/nestjs-backend/src/features/field/field-calculate/field-supplement.service.ts:2108
apps/nestjs-backend/src/features/field/field-calculate/field-supplement.service.ts:2271
apps/nestjs-backend/src/features/field/field-calculate/field-supplement.service.ts:2314
apps/nestjs-backend/src/features/field/field-calculate/field-view-sync.service.ts:205
apps/nestjs-backend/src/features/field/field-calculate/link-field-query.service.ts:49
apps/nestjs-backend/src/features/field/field.service.ts:201
apps/nestjs-backend/src/features/field/field.service.ts:827
apps/nestjs-backend/src/features/field/open-api/field-open-api.service.ts:1041
apps/nestjs-backend/src/features/field/open-api/field-open-api.service.ts:1750
apps/nestjs-backend/src/features/field/open-api/field-open-api.service.ts:188
apps/nestjs-backend/src/features/field/open-api/field-open-api.service.ts:356
apps/nestjs-backend/src/features/graph/graph.service.ts:229
apps/nestjs-backend/src/features/graph/graph.service.ts:251
apps/nestjs-backend/src/features/graph/graph.service.ts:629
apps/nestjs-backend/src/features/import/open-api/import-open-api.service.ts:317
apps/nestjs-backend/src/features/integrity/link-integrity.service.ts:202
apps/nestjs-backend/src/features/integrity/link-integrity.service.ts:247
apps/nestjs-backend/src/features/integrity/link-integrity.service.ts:267
apps/nestjs-backend/src/features/integrity/link-integrity.service.ts:439
apps/nestjs-backend/src/features/integrity/link-integrity.service.ts:63
apps/nestjs-backend/src/features/integrity/unique-index.service.ts:39
apps/nestjs-backend/src/features/invitation/invitation.service.ts:104
apps/nestjs-backend/src/features/invitation/invitation.service.ts:365
apps/nestjs-backend/src/features/model/collaborator.ts:59
apps/nestjs-backend/src/features/notification/notification.service.ts:224
apps/nestjs-backend/src/features/notification/notification.service.ts:313
apps/nestjs-backend/src/features/oauth-integration/oauth-integration.service.ts:102
apps/nestjs-backend/src/features/oauth-integration/webhook.service.ts:102
apps/nestjs-backend/src/features/oauth/oauth.service.ts:161
apps/nestjs-backend/src/features/oauth/oauth.service.ts:63
apps/nestjs-backend/src/features/oauth/strategies/oauth2-client.strategies.ts:25
apps/nestjs-backend/src/features/pin/pin.service.ts:89
apps/nestjs-backend/src/features/plugin-context-menu/plugin-context-menu.service.ts:138
apps/nestjs-backend/src/features/plugin-context-menu/plugin-context-menu.service.ts:148
apps/nestjs-backend/src/features/plugin-panel/plugin-panel.service.ts:418
apps/nestjs-backend/src/features/plugin-panel/plugin-panel.service.ts:442
apps/nestjs-backend/src/features/plugin-panel/plugin-panel.service.ts:494
apps/nestjs-backend/src/features/plugin-panel/plugin-panel.service.ts:58
apps/nestjs-backend/src/features/plugin-panel/plugin-panel.service.ts:90
apps/nestjs-backend/src/features/plugin/plugin.service.ts:310
apps/nestjs-backend/src/features/plugin/plugin.service.ts:370
apps/nestjs-backend/src/features/plugin/plugin.service.ts:593
apps/nestjs-backend/src/features/record/open-api/record-open-api.service.ts:302
apps/nestjs-backend/src/features/record/record.service.ts:1432
apps/nestjs-backend/src/features/record/record.service.ts:1680
apps/nestjs-backend/src/features/record/typecast.validate.ts:442
apps/nestjs-backend/src/features/record/typecast.validate.ts:589
apps/nestjs-backend/src/features/space/space.service.ts:205
apps/nestjs-backend/src/features/space/space.service.ts:284
apps/nestjs-backend/src/features/space/space.service.ts:372
apps/nestjs-backend/src/features/space/space.service.ts:551
apps/nestjs-backend/src/features/space/space.service.ts:609
apps/nestjs-backend/src/features/table/open-api/table-open-api-v2.service.ts:312
apps/nestjs-backend/src/features/table/open-api/table-open-api.service.ts:313
apps/nestjs-backend/src/features/table/open-api/table-open-api.service.ts:724
apps/nestjs-backend/src/features/table/open-api/table-open-api.service.ts:743
apps/nestjs-backend/src/features/table/table-duplicate.service.ts:124
apps/nestjs-backend/src/features/table/table-duplicate.service.ts:134
apps/nestjs-backend/src/features/table/table-duplicate.service.ts:231
apps/nestjs-backend/src/features/table/table-duplicate.service.ts:277
apps/nestjs-backend/src/features/table/table-duplicate.service.ts:383
apps/nestjs-backend/src/features/table/table-duplicate.service.ts:640
apps/nestjs-backend/src/features/table/table-duplicate.service.ts:703
apps/nestjs-backend/src/features/table/table-duplicate.service.ts:802
apps/nestjs-backend/src/features/table/table-duplicate.service.ts:859
apps/nestjs-backend/src/features/table/table-index.service.ts:30
apps/nestjs-backend/src/features/table/table.service.ts:76
apps/nestjs-backend/src/features/template/template-open-api.service.ts:109
apps/nestjs-backend/src/features/template/template-open-api.service.ts:423
apps/nestjs-backend/src/features/template/template-open-api.service.ts:446
apps/nestjs-backend/src/features/template/template-open-api.service.ts:641
apps/nestjs-backend/src/features/template/template-open-api.service.ts:664
apps/nestjs-backend/src/features/template/template-open-api.service.ts:72
apps/nestjs-backend/src/features/trash/trash.service.ts:502
apps/nestjs-backend/src/features/trash/trash.service.ts:950
apps/nestjs-backend/src/features/trash/trash.service.ts:997
apps/nestjs-backend/src/features/undo-redo/operations/convert-field.operation.ts:99
apps/nestjs-backend/src/features/user-integration/user-integration.service.ts:104
apps/nestjs-backend/src/features/user/last-visit/last-visit.service.ts:591
apps/nestjs-backend/src/features/user/last-visit/last-visit.service.ts:623
apps/nestjs-backend/src/features/user/last-visit/last-visit.service.ts:661
apps/nestjs-backend/src/features/view/model/view-option-validate.ts:17
apps/nestjs-backend/src/features/view/open-api/view-open-api.service.ts:215
apps/nestjs-backend/src/features/view/open-api/view-open-api.service.ts:519
apps/nestjs-backend/src/features/view/open-api/view-open-api.service.ts:983
apps/nestjs-backend/src/features/view/view.service.ts:170
apps/nestjs-backend/src/features/view/view.service.ts:186
apps/nestjs-backend/src/features/view/view.service.ts:213
apps/nestjs-backend/src/features/view/view.service.ts:560
apps/nestjs-backend/src/features/view/view.service.ts:797
apps/nestjs-backend/src/features/view/view.service.ts:81
apps/nestjs-backend/src/features/view/view.service.ts:823
apps/nestjs-backend/src/features/view/view.service.ts:861
apps/nestjs-backend/src/features/workflow/workflow.controller.ts:14
apps/nestjs-backend/src/features/workflow/workflow.service.ts:57
apps/nestjs-backend/src/share-db/repair-attachment-op/repair-attachment-op.service.ts:81
